Scraping error:
Traceback (most recent call last):
  File "C:\Users\an705\OneDrive\Documents\andrea\vit\2ndyr\4th sem\web\proj\Andri-Mrini-WP-main\server\scraper.py", line 30, in scrape_medical_data
    first_result = driver.find_element(By.CSS_SELECTOR, "div.g a")
                   ^^^^^^^^^^^^^^^^^^^^^^^^^^^^^^^^^^^^^^^^^^^^^^^
  File "C:\Users\an705\OneDrive\Documents\andrea\vit\2ndyr\4th sem\web\proj\Andri-Mrini-WP-main\server\.venv\Lib\site-packages\selenium\webdriver\remote\webdriver.py", line 816, in find_element
    return self.execute(Command.FIND_ELEMENT, {"using": by, "value": value})["value"]
           ^^^^^^^^^^^^^^^^^^^^^^^^^^^^^^^^^^^^^^^^^^^^^^^^^^^^^^^^^^^^^^^^^
  File "C:\Users\an705\OneDrive\Documents\andrea\vit\2ndyr\4th sem\web\proj\Andri-Mrini-WP-main\server\.venv\Lib\site-packages\selenium\webdriver\remote\webdriver.py", line 446, in execute
    self.error_handler.check_response(response)
  File "C:\Users\an705\OneDrive\Documents\andrea\vit\2ndyr\4th sem\web\proj\Andri-Mrini-WP-main\server\.venv\Lib\site-packages\selenium\webdriver\remote\errorhandler.py", line 232, in check_response
    raise exception_class(message, screen, stacktrace)
selenium.common.exceptions.NoSuchElementException: Message: no such element: Unable to locate element: {"method":"css selector","selector":"div.g a"}
  (Session info: chrome=146.0.7680.164); For documentation on this error, please visit: https://www.selenium.dev/documentation/webdriver/troubleshooting/errors#nosuchelementexception
Stacktrace:
	chromedriver!GetHandleVerifier [0x44cdf3+10b03]
	chromedriver!GetHandleVerifier [0x44cf24+10c34]
	chromedriver!(No symbol) [0x232120]
	chromedriver!(No symbol) [0x27abca]
	chromedriver!(No symbol) [0x27ae6b]
	chromedriver!(No symbol) [0x2bd0b2]
	chromedriver!(No symbol) [0x29db54]
	chromedriver!(No symbol) [0x2ba9a5]
	chromedriver!(No symbol) [0x29d8a6]
	chromedriver!(No symbol) [0x270229]
	chromedriver!(No symbol) [0x270fe4]
	chromedriver!GetHandleVerifier [0x6b48b9+2785c9]
	chromedriver!GetHandleVerifier [0x6afeb5+273bc5]
	chromedriver!GetHandleVerifier [0x6ce06b+291d7b]
	chromedriver!GetHandleVerifier [0x465cc8+299d8]
	chromedriver!GetHandleVerifier [0x46d9fd+3170d]
	chromedriver!GetHandleVerifier [0x4558c8+195d8]
	chromedriver!GetHandleVerifier [0x455a92+197a2]
	chromedriver!GetHandleVerifier [0x43ee9a+2baa]
	KERNEL32!BaseThreadInitThunk [0x75e95d49+19]
	ntdll!RtlInitializeExceptionChain [0x77d3d81b+6b]
	ntdll!RtlGetAppContainerNamedObjectPath [0x77d3d7a1+231]


{'error': 'Message: no such element: Unable to locate element: {"method":"css selector","selector":"div.g a"}\n  (Session info: chrome=146.0.7680.164); For documentation on this error, please visit: https://www.selenium.dev/documentation/webdriver/troubleshooting/errors#nosuchelementexception\nStacktrace:\n\tchromedriver!GetHandleVerifier [0x44cdf3+10b03]\n\tchromedriver!GetHandleVerifier [0x44cf24+10c34]\n\tchromedriver!(No symbol) [0x232120]\n\tchromedriver!(No symbol) [0x27abca]\n\tchromedriver!(No symbol) [0x27ae6b]\n\tchromedriver!(No symbol) [0x2bd0b2]\n\tchromedriver!(No symbol) [0x29db54]\n\tchromedriver!(No symbol) [0x2ba9a5]\n\tchromedriver!(No symbol) [0x29d8a6]\n\tchromedriver!(No symbol) [0x270229]\n\tchromedriver!(No symbol) [0x270fe4]\n\tchromedriver!GetHandleVerifier [0x6b48b9+2785c9]\n\tchromedriver!GetHandleVerifier [0x6afeb5+273bc5]\n\tchromedriver!GetHandleVerifier [0x6ce06b+291d7b]\n\tchromedriver!GetHandleVerifier [0x465cc8+299d8]\n\tchromedriver!GetHandleVerifier [0x46d9fd+3170d]\n\tchromedriver!GetHandleVerifier [0x4558c8+195d8]\n\tchromedriver!GetHandleVerifier [0x455a92+197a2]\n\tchromedriver!GetHandleVerifier [0x43ee9a+2baa]\n\tKERNEL32!BaseThreadInitThunk [0x75e95d49+19]\n\tntdll!RtlInitializeExceptionChain [0x77d3d81b+6b]\n\tntdll!RtlGetAppContainerNamedObjectPath [0x77d3d7a1+231]\n'}
